
> server@1.0.0 start
> node build/main.js

◇ injected env (10) from .env // tip: ◈ secrets for agents [www.dotenvx.com]
[32m[Nest] 37380  - [39m05/28/2026, 8:50:54 PM [32m    LOG[39m [38;5;3m[NestFactory] [39m[32mStarting Nest application...[39m
[32m[Nest] 37380  - [39m05/28/2026, 8:50:54 PM [32m    LOG[39m [38;5;3m[InstanceLoader] [39m[32mPrismaModule dependencies initialized[39m[38;5;3m +27ms[39m
[32m[Nest] 37380  - [39m05/28/2026, 8:50:54 PM [32m    LOG[39m [38;5;3m[InstanceLoader] [39m[32mWsModule dependencies initialized[39m[38;5;3m +0ms[39m
[32m[Nest] 37380  - [39m05/28/2026, 8:50:54 PM [32m    LOG[39m [38;5;3m[InstanceLoader] [39m[32mAiModule dependencies initialized[39m[38;5;3m +0ms[39m
[32m[Nest] 37380  - [39m05/28/2026, 8:50:54 PM [32m    LOG[39m [38;5;3m[InstanceLoader] [39m[32mEmailModule dependencies initialized[39m[38;5;3m +13ms[39m
[32m[Nest] 37380  - [39m05/28/2026, 8:50:54 PM [32m    LOG[39m [38;5;3m[InstanceLoader] [39m[32mAppModule dependencies initialized[39m[38;5;3m +0ms[39m
[32m[Nest] 37380  - [39m05/28/2026, 8:50:54 PM [32m    LOG[39m [38;5;3m[InstanceLoader] [39m[32mSeedModule dependencies initialized[39m[38;5;3m +2ms[39m
[32m[Nest] 37380  - [39m05/28/2026, 8:50:54 PM [32m    LOG[39m [38;5;3m[InstanceLoader] [39m[32mUploadsModule dependencies initialized[39m[38;5;3m +0ms[39m
[32m[Nest] 37380  - [39m05/28/2026, 8:50:54 PM [32m    LOG[39m [38;5;3m[InstanceLoader] [39m[32mTagsModule dependencies initialized[39m[38;5;3m +2ms[39m
[32m[Nest] 37380  - [39m05/28/2026, 8:50:54 PM [32m    LOG[39m [38;5;3m[InstanceLoader] [39m[32mFollowsModule dependencies initialized[39m[38;5;3m +1ms[39m
[32m[Nest] 37380  - [39m05/28/2026, 8:50:54 PM [32m    LOG[39m [38;5;3m[InstanceLoader] [39m[32mCoffeesModule dependencies initialized[39m[38;5;3m +0ms[39m
[32m[Nest] 37380  - [39m05/28/2026, 8:50:54 PM [32m    LOG[39m [38;5;3m[InstanceLoader] [39m[32mRoastersModule dependencies initialized[39m[38;5;3m +0ms[39m
[32m[Nest] 37380  - [39m05/28/2026, 8:50:54 PM [32m    LOG[39m [38;5;3m[InstanceLoader] [39m[32mInventoryModule dependencies initialized[39m[38;5;3m +0ms[39m
[32m[Nest] 37380  - [39m05/28/2026, 8:50:54 PM [32m    LOG[39m [38;5;3m[InstanceLoader] [39m[32mAuthModule dependencies initialized[39m[38;5;3m +1ms[39m
[32m[Nest] 37380  - [39m05/28/2026, 8:50:54 PM [32m    LOG[39m [38;5;3m[InstanceLoader] [39m[32mUsersModule dependencies initialized[39m[38;5;3m +0ms[39m
[32m[Nest] 37380  - [39m05/28/2026, 8:50:54 PM [32m    LOG[39m [38;5;3m[InstanceLoader] [39m[32mWishlistModule dependencies initialized[39m[38;5;3m +0ms[39m
[32m[Nest] 37380  - [39m05/28/2026, 8:50:54 PM [32m    LOG[39m [38;5;3m[InstanceLoader] [39m[32mRecipesModule dependencies initialized[39m[38;5;3m +1ms[39m
[32m[Nest] 37380  - [39m05/28/2026, 8:50:54 PM [32m    LOG[39m [38;5;3m[InstanceLoader] [39m[32mGraphQLSchemaBuilderModule dependencies initialized[39m[38;5;3m +0ms[39m
[32m[Nest] 37380  - [39m05/28/2026, 8:50:54 PM [32m    LOG[39m [38;5;3m[InstanceLoader] [39m[32mEntriesModule dependencies initialized[39m[38;5;3m +0ms[39m
[32m[Nest] 37380  - [39m05/28/2026, 8:50:54 PM [32m    LOG[39m [38;5;3m[InstanceLoader] [39m[32mGraphQLModule dependencies initialized[39m[38;5;3m +1ms[39m
[32m[Nest] 37380  - [39m05/28/2026, 8:50:54 PM [32m    LOG[39m [38;5;3m[RoutesResolver] [39m[32mAuthController {/auth}:[39m[38;5;3m +59ms[39m
[32m[Nest] 37380  - [39m05/28/2026, 8:50:54 PM [32m    LOG[39m [38;5;3m[RouterExplorer] [39m[32mMapped {/auth/register, POST} route[39m[38;5;3m +1ms[39m
[32m[Nest] 37380  - [39m05/28/2026, 8:50:54 PM [32m    LOG[39m [38;5;3m[RouterExplorer] [39m[32mMapped {/auth/login, POST} route[39m[38;5;3m +1ms[39m
[32m[Nest] 37380  - [39m05/28/2026, 8:50:54 PM [32m    LOG[39m [38;5;3m[RouterExplorer] [39m[32mMapped {/auth/send-verification-email, POST} route[39m[38;5;3m +0ms[39m
[32m[Nest] 37380  - [39m05/28/2026, 8:50:54 PM [32m    LOG[39m [38;5;3m[RouterExplorer] [39m[32mMapped {/auth/verify-email, POST} route[39m[38;5;3m +0ms[39m
[32m[Nest] 37380  - [39m05/28/2026, 8:50:54 PM [32m    LOG[39m [38;5;3m[RouterExplorer] [39m[32mMapped {/auth/unverify-email, POST} route[39m[38;5;3m +0ms[39m
[32m[Nest] 37380  - [39m05/28/2026, 8:50:54 PM [32m    LOG[39m [38;5;3m[RouterExplorer] [39m[32mMapped {/auth/google, POST} route[39m[38;5;3m +0ms[39m
[32m[Nest] 37380  - [39m05/28/2026, 8:50:54 PM [32m    LOG[39m [38;5;3m[RoutesResolver] [39m[32mEntriesController {/entries}:[39m[38;5;3m +0ms[39m
[32m[Nest] 37380  - [39m05/28/2026, 8:50:54 PM [32m    LOG[39m [38;5;3m[RouterExplorer] [39m[32mMapped {/entries/feed, GET} route[39m[38;5;3m +1ms[39m
[32m[Nest] 37380  - [39m05/28/2026, 8:50:54 PM [32m    LOG[39m [38;5;3m[RouterExplorer] [39m[32mMapped {/entries, GET} route[39m[38;5;3m +0ms[39m
[32m[Nest] 37380  - [39m05/28/2026, 8:50:54 PM [32m    LOG[39m [38;5;3m[RouterExplorer] [39m[32mMapped {/entries/by-tag/:tag, GET} route[39m[38;5;3m +0ms[39m
[32m[Nest] 37380  - [39m05/28/2026, 8:50:54 PM [32m    LOG[39m [38;5;3m[RouterExplorer] [39m[32mMapped {/entries/coffees-by-tag/:tag, GET} route[39m[38;5;3m +0ms[39m
[32m[Nest] 37380  - [39m05/28/2026, 8:50:54 PM [32m    LOG[39m [38;5;3m[RouterExplorer] [39m[32mMapped {/entries/by-coffee/:coffeeId, GET} route[39m[38;5;3m +1ms[39m
[32m[Nest] 37380  - [39m05/28/2026, 8:50:54 PM [32m    LOG[39m [38;5;3m[RouterExplorer] [39m[32mMapped {/entries, POST} route[39m[38;5;3m +0ms[39m
[32m[Nest] 37380  - [39m05/28/2026, 8:50:54 PM [32m    LOG[39m [38;5;3m[RouterExplorer] [39m[32mMapped {/entries/:id, PUT} route[39m[38;5;3m +0ms[39m
[32m[Nest] 37380  - [39m05/28/2026, 8:50:54 PM [32m    LOG[39m [38;5;3m[RouterExplorer] [39m[32mMapped {/entries/:id, DELETE} route[39m[38;5;3m +0ms[39m
[32m[Nest] 37380  - [39m05/28/2026, 8:50:54 PM [32m    LOG[39m [38;5;3m[RouterExplorer] [39m[32mMapped {/entries/:id/likes, POST} route[39m[38;5;3m +0ms[39m
[32m[Nest] 37380  - [39m05/28/2026, 8:50:54 PM [32m    LOG[39m [38;5;3m[RouterExplorer] [39m[32mMapped {/entries/:id/likes, DELETE} route[39m[38;5;3m +0ms[39m
[32m[Nest] 37380  - [39m05/28/2026, 8:50:54 PM [32m    LOG[39m [38;5;3m[RouterExplorer] [39m[32mMapped {/entries/:id/comments, GET} route[39m[38;5;3m +0ms[39m
[32m[Nest] 37380  - [39m05/28/2026, 8:50:54 PM [32m    LOG[39m [38;5;3m[RouterExplorer] [39m[32mMapped {/entries/:id/comments, POST} route[39m[38;5;3m +0ms[39m
[32m[Nest] 37380  - [39m05/28/2026, 8:50:54 PM [32m    LOG[39m [38;5;3m[RouterExplorer] [39m[32mMapped {/entries/:id/comments/:commentId/likes, POST} route[39m[38;5;3m +0ms[39m
[32m[Nest] 37380  - [39m05/28/2026, 8:50:54 PM [32m    LOG[39m [38;5;3m[RouterExplorer] [39m[32mMapped {/entries/:id/comments/:commentId/likes, DELETE} route[39m[38;5;3m +0ms[39m
[32m[Nest] 37380  - [39m05/28/2026, 8:50:54 PM [32m    LOG[39m [38;5;3m[RoutesResolver] [39m[32mTagsController {/tags}:[39m[38;5;3m +0ms[39m
[32m[Nest] 37380  - [39m05/28/2026, 8:50:54 PM [32m    LOG[39m [38;5;3m[RouterExplorer] [39m[32mMapped {/tags, GET} route[39m[38;5;3m +1ms[39m
[32m[Nest] 37380  - [39m05/28/2026, 8:50:54 PM [32m    LOG[39m [38;5;3m[RouterExplorer] [39m[32mMapped {/tags/coffee/:coffeeId, GET} route[39m[38;5;3m +0ms[39m
[32m[Nest] 37380  - [39m05/28/2026, 8:50:54 PM [32m    LOG[39m [38;5;3m[RoutesResolver] [39m[32mUsersController {/users}:[39m[38;5;3m +0ms[39m
[32m[Nest] 37380  - [39m05/28/2026, 8:50:54 PM [32m    LOG[39m [38;5;3m[RouterExplorer] [39m[32mMapped {/users, POST} route[39m[38;5;3m +0ms[39m
[32m[Nest] 37380  - [39m05/28/2026, 8:50:54 PM [32m    LOG[39m [38;5;3m[RouterExplorer] [39m[32mMapped {/users/:id, GET} route[39m[38;5;3m +0ms[39m
[32m[Nest] 37380  - [39m05/28/2026, 8:50:54 PM [32m    LOG[39m [38;5;3m[RouterExplorer] [39m[32mMapped {/users/:id/coffees, GET} route[39m[38;5;3m +0ms[39m
[32m[Nest] 37380  - [39m05/28/2026, 8:50:54 PM [32m    LOG[39m [38;5;3m[RouterExplorer] [39m[32mMapped {/users/:id/entries, GET} route[39m[38;5;3m +0ms[39m
[32m[Nest] 37380  - [39m05/28/2026, 8:50:54 PM [32m    LOG[39m [38;5;3m[RouterExplorer] [39m[32mMapped {/users/:id, PATCH} route[39m[38;5;3m +0ms[39m
[32m[Nest] 37380  - [39m05/28/2026, 8:50:54 PM [32m    LOG[39m [38;5;3m[RoutesResolver] [39m[32mRoastersController {/roasters}:[39m[38;5;3m +0ms[39m
[32m[Nest] 37380  - [39m05/28/2026, 8:50:54 PM [32m    LOG[39m [38;5;3m[RouterExplorer] [39m[32mMapped {/roasters, GET} route[39m[38;5;3m +0ms[39m
[32m[Nest] 37380  - [39m05/28/2026, 8:50:54 PM [32m    LOG[39m [38;5;3m[RouterExplorer] [39m[32mMapped {/roasters/:id, GET} route[39m[38;5;3m +1ms[39m
[32m[Nest] 37380  - [39m05/28/2026, 8:50:54 PM [32m    LOG[39m [38;5;3m[RouterExplorer] [39m[32mMapped {/roasters/:id/entries, GET} route[39m[38;5;3m +0ms[39m
[32m[Nest] 37380  - [39m05/28/2026, 8:50:54 PM [32m    LOG[39m [38;5;3m[RouterExplorer] [39m[32mMapped {/roasters, POST} route[39m[38;5;3m +0ms[39m
[32m[Nest] 37380  - [39m05/28/2026, 8:50:54 PM [32m    LOG[39m [38;5;3m[RouterExplorer] [39m[32mMapped {/roasters/:id, PUT} route[39m[38;5;3m +0ms[39m
[32m[Nest] 37380  - [39m05/28/2026, 8:50:54 PM [32m    LOG[39m [38;5;3m[RouterExplorer] [39m[32mMapped {/roasters/:id, DELETE} route[39m[38;5;3m +0ms[39m
[32m[Nest] 37380  - [39m05/28/2026, 8:50:54 PM [32m    LOG[39m [38;5;3m[RouterExplorer] [39m[32mMapped {/roasters/my/profile, GET} route[39m[38;5;3m +0ms[39m
[32m[Nest] 37380  - [39m05/28/2026, 8:50:54 PM [32m    LOG[39m [38;5;3m[RouterExplorer] [39m[32mMapped {/roasters/my/create, POST} route[39m[38;5;3m +0ms[39m
[32m[Nest] 37380  - [39m05/28/2026, 8:50:54 PM [32m    LOG[39m [38;5;3m[RouterExplorer] [39m[32mMapped {/roasters/:id/claim, POST} route[39m[38;5;3m +0ms[39m
[32m[Nest] 37380  - [39m05/28/2026, 8:50:54 PM [32m    LOG[39m [38;5;3m[RouterExplorer] [39m[32mMapped {/roasters/my/profile, PUT} route[39m[38;5;3m +0ms[39m
[32m[Nest] 37380  - [39m05/28/2026, 8:50:54 PM [32m    LOG[39m [38;5;3m[RouterExplorer] [39m[32mMapped {/roasters/extract-contact-email, POST} route[39m[38;5;3m +0ms[39m
[32m[Nest] 37380  - [39m05/28/2026, 8:50:54 PM [32m    LOG[39m [38;5;3m[RouterExplorer] [39m[32mMapped {/roasters/extract-contact-email-by-name, POST} route[39m[38;5;3m +0ms[39m
[32m[Nest] 37380  - [39m05/28/2026, 8:50:54 PM [32m    LOG[39m [38;5;3m[RoutesResolver] [39m[32mSeedController {/dev/seed}:[39m[38;5;3m +0ms[39m
[32m[Nest] 37380  - [39m05/28/2026, 8:50:54 PM [32m    LOG[39m [38;5;3m[RouterExplorer] [39m[32mMapped {/dev/seed, POST} route[39m[38;5;3m +0ms[39m
[32m[Nest] 37380  - [39m05/28/2026, 8:50:54 PM [32m    LOG[39m [38;5;3m[RoutesResolver] [39m[32mUploadsController {/uploads}:[39m[38;5;3m +0ms[39m
[32m[Nest] 37380  - [39m05/28/2026, 8:50:54 PM [32m    LOG[39m [38;5;3m[RouterExplorer] [39m[32mMapped {/uploads, POST} route[39m[38;5;3m +0ms[39m
[32m[Nest] 37380  - [39m05/28/2026, 8:50:54 PM [32m    LOG[39m [38;5;3m[RoutesResolver] [39m[32mCoffeesController {/coffees}:[39m[38;5;3m +0ms[39m
[32m[Nest] 37380  - [39m05/28/2026, 8:50:54 PM [32m    LOG[39m [38;5;3m[RouterExplorer] [39m[32mMapped {/coffees, GET} route[39m[38;5;3m +1ms[39m
[32m[Nest] 37380  - [39m05/28/2026, 8:50:54 PM [32m    LOG[39m [38;5;3m[RouterExplorer] [39m[32mMapped {/coffees/by-origin/:origin, GET} route[39m[38;5;3m +0ms[39m
[32m[Nest] 37380  - [39m05/28/2026, 8:50:54 PM [32m    LOG[39m [38;5;3m[RouterExplorer] [39m[32mMapped {/coffees/:id, GET} route[39m[38;5;3m +0ms[39m
[32m[Nest] 37380  - [39m05/28/2026, 8:50:54 PM [32m    LOG[39m [38;5;3m[RouterExplorer] [39m[32mMapped {/coffees, POST} route[39m[38;5;3m +0ms[39m
[32m[Nest] 37380  - [39m05/28/2026, 8:50:54 PM [32m    LOG[39m [38;5;3m[RouterExplorer] [39m[32mMapped {/coffees/:id, PUT} route[39m[38;5;3m +0ms[39m
[32m[Nest] 37380  - [39m05/28/2026, 8:50:54 PM [32m    LOG[39m [38;5;3m[RouterExplorer] [39m[32mMapped {/coffees/:id, DELETE} route[39m[38;5;3m +0ms[39m
[32m[Nest] 37380  - [39m05/28/2026, 8:50:54 PM [32m    LOG[39m [38;5;3m[RouterExplorer] [39m[32mMapped {/coffees/my/create, POST} route[39m[38;5;3m +0ms[39m
[32m[Nest] 37380  - [39m05/28/2026, 8:50:54 PM [32m    LOG[39m [38;5;3m[RouterExplorer] [39m[32mMapped {/coffees/my/:id, PUT} route[39m[38;5;3m +0ms[39m
[32m[Nest] 37380  - [39m05/28/2026, 8:50:54 PM [32m    LOG[39m [38;5;3m[RouterExplorer] [39m[32mMapped {/coffees/my/:id, DELETE} route[39m[38;5;3m +0ms[39m
[32m[Nest] 37380  - [39m05/28/2026, 8:50:54 PM [32m    LOG[39m [38;5;3m[RoutesResolver] [39m[32mWishlistController {/wishlist}:[39m[38;5;3m +0ms[39m
[32m[Nest] 37380  - [39m05/28/2026, 8:50:54 PM [32m    LOG[39m [38;5;3m[RouterExplorer] [39m[32mMapped {/wishlist/coffees/:coffeeId, POST} route[39m[38;5;3m +0ms[39m
[32m[Nest] 37380  - [39m05/28/2026, 8:50:54 PM [32m    LOG[39m [38;5;3m[RouterExplorer] [39m[32mMapped {/wishlist/coffees/:coffeeId, DELETE} route[39m[38;5;3m +0ms[39m
[32m[Nest] 37380  - [39m05/28/2026, 8:50:54 PM [32m    LOG[39m [38;5;3m[RouterExplorer] [39m[32mMapped {/wishlist, GET} route[39m[38;5;3m +0ms[39m
[32m[Nest] 37380  - [39m05/28/2026, 8:50:54 PM [32m    LOG[39m [38;5;3m[RouterExplorer] [39m[32mMapped {/wishlist/coffees/:coffeeId/check, GET} route[39m[38;5;3m +1ms[39m
[32m[Nest] 37380  - [39m05/28/2026, 8:50:54 PM [32m    LOG[39m [38;5;3m[RoutesResolver] [39m[32mRecipesController {/recipes}:[39m[38;5;3m +0ms[39m
[32m[Nest] 37380  - [39m05/28/2026, 8:50:54 PM [32m    LOG[39m [38;5;3m[RouterExplorer] [39m[32mMapped {/recipes, GET} route[39m[38;5;3m +0ms[39m
[32m[Nest] 37380  - [39m05/28/2026, 8:50:54 PM [32m    LOG[39m [38;5;3m[RouterExplorer] [39m[32mMapped {/recipes/:id, GET} route[39m[38;5;3m +0ms[39m
[32m[Nest] 37380  - [39m05/28/2026, 8:50:54 PM [32m    LOG[39m [38;5;3m[RouterExplorer] [39m[32mMapped {/recipes/by-user/:userId, GET} route[39m[38;5;3m +0ms[39m
[32m[Nest] 37380  - [39m05/28/2026, 8:50:54 PM [32m    LOG[39m [38;5;3m[RouterExplorer] [39m[32mMapped {/recipes, POST} route[39m[38;5;3m +0ms[39m
[32m[Nest] 37380  - [39m05/28/2026, 8:50:54 PM [32m    LOG[39m [38;5;3m[RouterExplorer] [39m[32mMapped {/recipes/:id, PUT} route[39m[38;5;3m +1ms[39m
[32m[Nest] 37380  - [39m05/28/2026, 8:50:54 PM [32m    LOG[39m [38;5;3m[RouterExplorer] [39m[32mMapped {/recipes/:id, DELETE} route[39m[38;5;3m +0ms[39m
[32m[Nest] 37380  - [39m05/28/2026, 8:50:54 PM [32m    LOG[39m [38;5;3m[RouterExplorer] [39m[32mMapped {/recipes/:id/likes, POST} route[39m[38;5;3m +0ms[39m
[32m[Nest] 37380  - [39m05/28/2026, 8:50:54 PM [32m    LOG[39m [38;5;3m[RouterExplorer] [39m[32mMapped {/recipes/:id/likes, DELETE} route[39m[38;5;3m +0ms[39m
[32m[Nest] 37380  - [39m05/28/2026, 8:50:54 PM [32m    LOG[39m [38;5;3m[RoutesResolver] [39m[32mFollowsController {/follows}:[39m[38;5;3m +0ms[39m
[32m[Nest] 37380  - [39m05/28/2026, 8:50:54 PM [32m    LOG[39m [38;5;3m[RouterExplorer] [39m[32mMapped {/follows/users/:targetId, POST} route[39m[38;5;3m +0ms[39m
[32m[Nest] 37380  - [39m05/28/2026, 8:50:54 PM [32m    LOG[39m [38;5;3m[RouterExplorer] [39m[32mMapped {/follows/users/:targetId, DELETE} route[39m[38;5;3m +0ms[39m
[32m[Nest] 37380  - [39m05/28/2026, 8:50:54 PM [32m    LOG[39m [38;5;3m[RouterExplorer] [39m[32mMapped {/follows/users/:targetId/status, GET} route[39m[38;5;3m +0ms[39m
[32m[Nest] 37380  - [39m05/28/2026, 8:50:54 PM [32m    LOG[39m [38;5;3m[RouterExplorer] [39m[32mMapped {/follows/users/:targetId/counts, GET} route[39m[38;5;3m +0ms[39m
[32m[Nest] 37380  - [39m05/28/2026, 8:50:54 PM [32m    LOG[39m [38;5;3m[RouterExplorer] [39m[32mMapped {/follows/users/:targetId/followers, GET} route[39m[38;5;3m +0ms[39m
[32m[Nest] 37380  - [39m05/28/2026, 8:50:54 PM [32m    LOG[39m [38;5;3m[RouterExplorer] [39m[32mMapped {/follows/users/:targetId/following/users, GET} route[39m[38;5;3m +0ms[39m
[32m[Nest] 37380  - [39m05/28/2026, 8:50:54 PM [32m    LOG[39m [38;5;3m[RouterExplorer] [39m[32mMapped {/follows/users/:targetId/following/roasters, GET} route[39m[38;5;3m +0ms[39m
[32m[Nest] 37380  - [39m05/28/2026, 8:50:54 PM [32m    LOG[39m [38;5;3m[RouterExplorer] [39m[32mMapped {/follows/roasters/:roasterId, POST} route[39m[38;5;3m +0ms[39m
[32m[Nest] 37380  - [39m05/28/2026, 8:50:54 PM [32m    LOG[39m [38;5;3m[RouterExplorer] [39m[32mMapped {/follows/roasters/:roasterId, DELETE} route[39m[38;5;3m +0ms[39m
[32m[Nest] 37380  - [39m05/28/2026, 8:50:54 PM [32m    LOG[39m [38;5;3m[RouterExplorer] [39m[32mMapped {/follows/roasters/:roasterId/status, GET} route[39m[38;5;3m +0ms[39m
[32m[Nest] 37380  - [39m05/28/2026, 8:50:54 PM [32m    LOG[39m [38;5;3m[RouterExplorer] [39m[32mMapped {/follows/roasters/:roasterId/counts, GET} route[39m[38;5;3m +1ms[39m
[32m[Nest] 37380  - [39m05/28/2026, 8:50:54 PM [32m    LOG[39m [38;5;3m[RouterExplorer] [39m[32mMapped {/follows/roasters/:roasterId/followers, GET} route[39m[38;5;3m +0ms[39m
[32m[Nest] 37380  - [39m05/28/2026, 8:50:54 PM [32m    LOG[39m [38;5;3m[RoutesResolver] [39m[32mInventoryController {/inventory}:[39m[38;5;3m +0ms[39m
[32m[Nest] 37380  - [39m05/28/2026, 8:50:54 PM [32m    LOG[39m [38;5;3m[RouterExplorer] [39m[32mMapped {/inventory, GET} route[39m[38;5;3m +0ms[39m
[32m[Nest] 37380  - [39m05/28/2026, 8:50:54 PM [32m    LOG[39m [38;5;3m[RouterExplorer] [39m[32mMapped {/inventory/:coffeeId, GET} route[39m[38;5;3m +0ms[39m
[32m[Nest] 37380  - [39m05/28/2026, 8:50:54 PM [32m    LOG[39m [38;5;3m[RouterExplorer] [39m[32mMapped {/inventory, POST} route[39m[38;5;3m +0ms[39m
[32m[Nest] 37380  - [39m05/28/2026, 8:50:54 PM [32m    LOG[39m [38;5;3m[RouterExplorer] [39m[32mMapped {/inventory/:coffeeId, PUT} route[39m[38;5;3m +0ms[39m
[32m[Nest] 37380  - [39m05/28/2026, 8:50:54 PM [32m    LOG[39m [38;5;3m[RouterExplorer] [39m[32mMapped {/inventory/:coffeeId, DELETE} route[39m[38;5;3m +0ms[39m
[32m[Nest] 37380  - [39m05/28/2026, 8:50:54 PM [32m    LOG[39m [38;5;3m[GraphQLModule] [39m[32mMapped {/graphql, POST} route[39m[38;5;3m +105ms[39m
[32m[Nest] 37380  - [39m05/28/2026, 8:50:54 PM [32m    LOG[39m [38;5;3m[NestApplication] [39m[32mNest application successfully started[39m[38;5;3m +30ms[39m
Server running on port 4000
Swagger available at http://localhost:4000/api
[31m[Nest] 37380  - [39m05/29/2026, 7:26:13 PM [31m  ERROR[39m [38;5;3m[ExceptionsHandler] [39mPrismaClientKnownRequestError: 
Invalid `this.prisma.coffeeEntry.aggregate()` invocation in
C:\Users\arede\Documents\coffee tracker\server\build\coffees\coffees.service.js:174:53

  171     }
  172 }
  173 async attachStatsToCoffee(coffee) {
→ 174     const stats = await this.prisma.coffeeEntry.aggregate(
Can't reach database server at `172.20.110.87:5432`

Please make sure your database server is running at `172.20.110.87:5432`.
    at $n.handleRequestError [90m(C:\Users\arede\Documents\coffee tracker\server\[39mgenerated\prisma\runtime\library.js:121:7315[90m)[39m
    at $n.handleAndLogRequestError [90m(C:\Users\arede\Documents\coffee tracker\server\[39mgenerated\prisma\runtime\library.js:121:6623[90m)[39m
    at $n.request [90m(C:\Users\arede\Documents\coffee tracker\server\[39mgenerated\prisma\runtime\library.js:121:6307[90m)[39m
    at async l [90m(C:\Users\arede\Documents\coffee tracker\server\[39mgenerated\prisma\runtime\library.js:130:9633[90m)[39m
    at async CoffeesService.attachStatsToCoffee [90m(C:\Users\arede\Documents\coffee tracker\server\[39mbuild\coffees\coffees.service.js:174:23[90m)[39m
    at async Promise.all (index 12)
    at async CoffeesService.findAll [90m(C:\Users\arede\Documents\coffee tracker\server\[39mbuild\coffees\coffees.service.js:28:33[90m)[39m
    at async [90mC:\Users\arede\Documents\coffee tracker\server\[39mnode_modules\[4m@nestjs[24m\core\router\router-execution-context.js:46:28
    at async [90mC:\Users\arede\Documents\coffee tracker\server\[39mnode_modules\[4m@nestjs[24m\core\router\router-proxy.js:9:17 {
  code: [32m'P1001'[39m,
  clientVersion: [32m'5.22.0'[39m,
  meta: {
    modelName: [32m'CoffeeEntry'[39m,
    database_host: [32m'172.20.110.87'[39m,
    database_port: [33m5432[39m
  }
}
[31m[Nest] 37380  - [39m05/29/2026, 8:09:00 PM [31m  ERROR[39m [38;5;3m[ExceptionsHandler] [39mPrismaClientKnownRequestError: 
Invalid `this.prisma.coffeeEntry.aggregate()` invocation in
C:\Users\arede\Documents\coffee tracker\server\build\coffees\coffees.service.js:174:53

  171     }
  172 }
  173 async attachStatsToCoffee(coffee) {
→ 174     const stats = await this.prisma.coffeeEntry.aggregate(
Can't reach database server at `172.20.110.87:5432`

Please make sure your database server is running at `172.20.110.87:5432`.
    at $n.handleRequestError [90m(C:\Users\arede\Documents\coffee tracker\server\[39mgenerated\prisma\runtime\library.js:121:7315[90m)[39m
    at $n.handleAndLogRequestError [90m(C:\Users\arede\Documents\coffee tracker\server\[39mgenerated\prisma\runtime\library.js:121:6623[90m)[39m
    at $n.request [90m(C:\Users\arede\Documents\coffee tracker\server\[39mgenerated\prisma\runtime\library.js:121:6307[90m)[39m
    at async l [90m(C:\Users\arede\Documents\coffee tracker\server\[39mgenerated\prisma\runtime\library.js:130:9633[90m)[39m
    at async CoffeesService.attachStatsToCoffee [90m(C:\Users\arede\Documents\coffee tracker\server\[39mbuild\coffees\coffees.service.js:174:23[90m)[39m
    at async Promise.all (index 16)
    at async CoffeesService.findAll [90m(C:\Users\arede\Documents\coffee tracker\server\[39mbuild\coffees\coffees.service.js:28:33[90m)[39m
    at async [90mC:\Users\arede\Documents\coffee tracker\server\[39mnode_modules\[4m@nestjs[24m\core\router\router-execution-context.js:46:28
    at async [90mC:\Users\arede\Documents\coffee tracker\server\[39mnode_modules\[4m@nestjs[24m\core\router\router-proxy.js:9:17 {
  code: [32m'P1001'[39m,
  clientVersion: [32m'5.22.0'[39m,
  meta: {
    modelName: [32m'CoffeeEntry'[39m,
    database_host: [32m'172.20.110.87'[39m,
    database_port: [33m5432[39m
  }
}
